Analysis & Synthesis report for U_Control
Fri Nov 19 23:27:45 2021
Quartus II 64-Bit Version 12.1 Build 177 11/07/2012 SJ Web Edition


---------------------
; Table of Contents ;
---------------------
  1. Legal Notice
  2. Analysis & Synthesis Summary
  3. Analysis & Synthesis Settings
  4. Parallel Compilation
  5. Analysis & Synthesis Source Files Read
  6. Analysis & Synthesis Resource Usage Summary
  7. Analysis & Synthesis Resource Utilization by Entity
  8. Registers Removed During Synthesis
  9. Removed Registers Triggering Further Register Optimizations
 10. General Register Statistics
 11. Multiplexer Restructuring Statistics (Restructuring Performed)
 12. Elapsed Time Per Partition
 13. Analysis & Synthesis Messages



----------------
; Legal Notice ;
----------------
Copyright (C) 1991-2012 Altera Corporation
Your use of Altera Corporation's design tools, logic functions 
and other software and tools, and its AMPP partner logic 
functions, and any output files from any of the foregoing 
(including device programming or simulation files), and any 
associated documentation or information are expressly subject 
to the terms and conditions of the Altera Program License 
Subscription Agreement, Altera MegaCore Function License 
Agreement, or other applicable license agreement, including, 
without limitation, that your use is for the sole purpose of 
programming logic devices manufactured by Altera and sold by 
Altera or its authorized distributors.  Please refer to the 
applicable agreement for further details.



+-------------------------------------------------------------------------------+
; Analysis & Synthesis Summary                                                  ;
+------------------------------------+------------------------------------------+
; Analysis & Synthesis Status        ; Successful - Fri Nov 19 23:27:45 2021    ;
; Quartus II 64-Bit Version          ; 12.1 Build 177 11/07/2012 SJ Web Edition ;
; Revision Name                      ; U_Control                                ;
; Top-level Entity Name              ; U_Control                                ;
; Family                             ; Cyclone IV E                             ;
; Total logic elements               ; 88                                       ;
;     Total combinational functions  ; 72                                       ;
;     Dedicated logic registers      ; 63                                       ;
; Total registers                    ; 63                                       ;
; Total pins                         ; 107                                      ;
; Total virtual pins                 ; 0                                        ;
; Total memory bits                  ; 0                                        ;
; Embedded Multiplier 9-bit elements ; 0                                        ;
; Total PLLs                         ; 0                                        ;
+------------------------------------+------------------------------------------+


+----------------------------------------------------------------------------------------------------------------------+
; Analysis & Synthesis Settings                                                                                        ;
+----------------------------------------------------------------------------+--------------------+--------------------+
; Option                                                                     ; Setting            ; Default Value      ;
+----------------------------------------------------------------------------+--------------------+--------------------+
; Device                                                                     ; EP4CE115F29C7      ;                    ;
; Top-level entity name                                                      ; U_Control          ; U_Control          ;
; Family name                                                                ; Cyclone IV E       ; Cyclone IV GX      ;
; Type of Retiming Performed During Resynthesis                              ; Full               ;                    ;
; Resynthesis Optimization Effort                                            ; Normal             ;                    ;
; Physical Synthesis Level for Resynthesis                                   ; Normal             ;                    ;
; Use Generated Physical Constraints File                                    ; On                 ;                    ;
; Use smart compilation                                                      ; Off                ; Off                ;
; Enable parallel Assembler and TimeQuest Timing Analyzer during compilation ; On                 ; On                 ;
; Enable compact report table                                                ; Off                ; Off                ;
; Restructure Multiplexers                                                   ; Auto               ; Auto               ;
; Create Debugging Nodes for IP Cores                                        ; Off                ; Off                ;
; Preserve fewer node names                                                  ; On                 ; On                 ;
; Disable OpenCore Plus hardware evaluation                                  ; Off                ; Off                ;
; Verilog Version                                                            ; Verilog_2001       ; Verilog_2001       ;
; VHDL Version                                                               ; VHDL_1993          ; VHDL_1993          ;
; State Machine Processing                                                   ; Auto               ; Auto               ;
; Safe State Machine                                                         ; Off                ; Off                ;
; Extract Verilog State Machines                                             ; On                 ; On                 ;
; Extract VHDL State Machines                                                ; On                 ; On                 ;
; Ignore Verilog initial constructs                                          ; Off                ; Off                ;
; Iteration limit for constant Verilog loops                                 ; 5000               ; 5000               ;
; Iteration limit for non-constant Verilog loops                             ; 250                ; 250                ;
; Add Pass-Through Logic to Inferred RAMs                                    ; On                 ; On                 ;
; Infer RAMs from Raw Logic                                                  ; On                 ; On                 ;
; Parallel Synthesis                                                         ; On                 ; On                 ;
; DSP Block Balancing                                                        ; Auto               ; Auto               ;
; NOT Gate Push-Back                                                         ; On                 ; On                 ;
; Power-Up Don't Care                                                        ; On                 ; On                 ;
; Remove Redundant Logic Cells                                               ; Off                ; Off                ;
; Remove Duplicate Registers                                                 ; On                 ; On                 ;
; Ignore CARRY Buffers                                                       ; Off                ; Off                ;
; Ignore CASCADE Buffers                                                     ; Off                ; Off                ;
; Ignore GLOBAL Buffers                                                      ; Off                ; Off                ;
; Ignore ROW GLOBAL Buffers                                                  ; Off                ; Off                ;
; Ignore LCELL Buffers                                                       ; Off                ; Off                ;
; Ignore SOFT Buffers                                                        ; On                 ; On                 ;
; Limit AHDL Integers to 32 Bits                                             ; Off                ; Off                ;
; Optimization Technique                                                     ; Balanced           ; Balanced           ;
; Carry Chain Length                                                         ; 70                 ; 70                 ;
; Auto Carry Chains                                                          ; On                 ; On                 ;
; Auto Open-Drain Pins                                                       ; On                 ; On                 ;
; Perform WYSIWYG Primitive Resynthesis                                      ; Off                ; Off                ;
; Auto ROM Replacement                                                       ; On                 ; On                 ;
; Auto RAM Replacement                                                       ; On                 ; On                 ;
; Auto DSP Block Replacement                                                 ; On                 ; On                 ;
; Auto Shift Register Replacement                                            ; Auto               ; Auto               ;
; Allow Shift Register Merging across Hierarchies                            ; Auto               ; Auto               ;
; Auto Clock Enable Replacement                                              ; On                 ; On                 ;
; Strict RAM Replacement                                                     ; Off                ; Off                ;
; Allow Synchronous Control Signals                                          ; On                 ; On                 ;
; Force Use of Synchronous Clear Signals                                     ; Off                ; Off                ;
; Auto RAM Block Balancing                                                   ; On                 ; On                 ;
; Auto RAM to Logic Cell Conversion                                          ; Off                ; Off                ;
; Auto Resource Sharing                                                      ; Off                ; Off                ;
; Allow Any RAM Size For Recognition                                         ; Off                ; Off                ;
; Allow Any ROM Size For Recognition                                         ; Off                ; Off                ;
; Allow Any Shift Register Size For Recognition                              ; Off                ; Off                ;
; Use LogicLock Constraints during Resource Balancing                        ; On                 ; On                 ;
; Ignore translate_off and synthesis_off directives                          ; Off                ; Off                ;
; Timing-Driven Synthesis                                                    ; On                 ; On                 ;
; Report Parameter Settings                                                  ; On                 ; On                 ;
; Report Source Assignments                                                  ; On                 ; On                 ;
; Report Connectivity Checks                                                 ; On                 ; On                 ;
; Ignore Maximum Fan-Out Assignments                                         ; Off                ; Off                ;
; Synchronization Register Chain Length                                      ; 2                  ; 2                  ;
; PowerPlay Power Optimization                                               ; Normal compilation ; Normal compilation ;
; HDL message level                                                          ; Level2             ; Level2             ;
; Suppress Register Optimization Related Messages                            ; Off                ; Off                ;
; Number of Removed Registers Reported in Synthesis Report                   ; 5000               ; 5000               ;
; Number of Swept Nodes Reported in Synthesis Report                         ; 5000               ; 5000               ;
; Number of Inverted Registers Reported in Synthesis Report                  ; 100                ; 100                ;
; Clock MUX Protection                                                       ; On                 ; On                 ;
; Auto Gated Clock Conversion                                                ; Off                ; Off                ;
; Block Design Naming                                                        ; Auto               ; Auto               ;
; SDC constraint protection                                                  ; Off                ; Off                ;
; Synthesis Effort                                                           ; Auto               ; Auto               ;
; Shift Register Replacement - Allow Asynchronous Clear Signal               ; On                 ; On                 ;
; Pre-Mapping Resynthesis Optimization                                       ; Off                ; Off                ;
; Analysis & Synthesis Message Level                                         ; Medium             ; Medium             ;
; Disable Register Merging Across Hierarchies                                ; Auto               ; Auto               ;
; Resource Aware Inference For Block RAM                                     ; On                 ; On                 ;
; Synthesis Seed                                                             ; 1                  ; 1                  ;
+----------------------------------------------------------------------------+--------------------+--------------------+


Parallel compilation was disabled, but you have multiple processors available. Enable parallel compilation to reduce compilation time.
+-------------------------------------+
; Parallel Compilation                ;
+----------------------------+--------+
; Processors                 ; Number ;
+----------------------------+--------+
; Number detected on machine ; 4      ;
; Maximum allowed            ; 1      ;
+----------------------------+--------+


+-------------------------------------------------------------------------------------------------------------------------------------------------------------+
; Analysis & Synthesis Source Files Read                                                                                                                      ;
+----------------------------------+-----------------+-----------------+----------------------------------------------------------------------------+---------+
; File Name with User-Entered Path ; Used in Netlist ; File Type       ; File Name with Absolute Path                                               ; Library ;
+----------------------------------+-----------------+-----------------+----------------------------------------------------------------------------+---------+
; bcd_7seg.vhd                     ; yes             ; User VHDL File  ; C:/Users/hugoa/Desktop/Arqui2/PilaArquitecturaRISC_Practica2/bcd_7seg.vhd  ;         ;
; U_Control.vhd                    ; yes             ; User VHDL File  ; C:/Users/hugoa/Desktop/Arqui2/PilaArquitecturaRISC_Practica2/U_Control.vhd ;         ;
; ALU_UC.vhd                       ; yes             ; User VHDL File  ; C:/Users/hugoa/Desktop/Arqui2/PilaArquitecturaRISC_Practica2/ALU_UC.vhd    ;         ;
+----------------------------------+-----------------+-----------------+----------------------------------------------------------------------------+---------+


+-----------------------------------------------------+
; Analysis & Synthesis Resource Usage Summary         ;
+---------------------------------------------+-------+
; Resource                                    ; Usage ;
+---------------------------------------------+-------+
; Estimated Total logic elements              ; 88    ;
;                                             ;       ;
; Total combinational functions               ; 72    ;
; Logic element usage by number of LUT inputs ;       ;
;     -- 4 input functions                    ; 40    ;
;     -- 3 input functions                    ; 11    ;
;     -- <=2 input functions                  ; 21    ;
;                                             ;       ;
; Logic elements by mode                      ;       ;
;     -- normal mode                          ; 58    ;
;     -- arithmetic mode                      ; 14    ;
;                                             ;       ;
; Total registers                             ; 63    ;
;     -- Dedicated logic registers            ; 63    ;
;     -- I/O registers                        ; 0     ;
;                                             ;       ;
; I/O pins                                    ; 107   ;
; Embedded Multiplier 9-bit elements          ; 0     ;
; Maximum fan-out                             ; 63    ;
; Total fan-out                               ; 585   ;
; Average fan-out                             ; 1.64  ;
+---------------------------------------------+-------+


+-----------------------------------------------------------------------------------------------------------------------------------------------------------------------------+
; Analysis & Synthesis Resource Utilization by Entity                                                                                                                         ;
+----------------------------+-------------------+--------------+-------------+--------------+---------+-----------+------+--------------+---------------------+--------------+
; Compilation Hierarchy Node ; LC Combinationals ; LC Registers ; Memory Bits ; DSP Elements ; DSP 9x9 ; DSP 18x18 ; Pins ; Virtual Pins ; Full Hierarchy Name ; Library Name ;
+----------------------------+-------------------+--------------+-------------+--------------+---------+-----------+------+--------------+---------------------+--------------+
; |U_Control                 ; 72 (72)           ; 63 (63)      ; 0           ; 0            ; 0       ; 0         ; 107  ; 0            ; |U_Control          ;              ;
+----------------------------+-------------------+--------------+-------------+--------------+---------+-----------+------+--------------+---------------------+--------------+
Note: For table entries with two numbers listed, the numbers in parentheses indicate the number of resources of the given type used by the specific entity alone. The numbers listed outside of parentheses indicate the total resources of the given type used by the specific entity and all of its sub-entities in the hierarchy.


+---------------------------------------------------------------------------------+
; Registers Removed During Synthesis                                              ;
+----------------------------------------+----------------------------------------+
; Register name                          ; Reason for Removal                     ;
+----------------------------------------+----------------------------------------+
; Disp_7sg[41]~reg0                      ; Stuck at VCC due to stuck port data_in ;
; Disp_7sg[40]~reg0                      ; Stuck at GND due to stuck port data_in ;
; Disp_7sg[39]~reg0                      ; Stuck at GND due to stuck port data_in ;
; Disp_7sg[38]~reg0                      ; Stuck at GND due to stuck port data_in ;
; Disp_7sg[37]~reg0                      ; Stuck at GND due to stuck port data_in ;
; Disp_7sg[36]~reg0                      ; Stuck at GND due to stuck port data_in ;
; Disp_7sg[35]~reg0                      ; Stuck at GND due to stuck port data_in ;
; Disp_7sg[34]~reg0                      ; Stuck at VCC due to stuck port data_in ;
; Disp_7sg[33]~reg0                      ; Stuck at GND due to stuck port data_in ;
; Disp_7sg[32]~reg0                      ; Stuck at GND due to stuck port data_in ;
; Disp_7sg[31]~reg0                      ; Stuck at GND due to stuck port data_in ;
; Disp_7sg[30]~reg0                      ; Stuck at GND due to stuck port data_in ;
; Disp_7sg[29]~reg0                      ; Stuck at GND due to stuck port data_in ;
; Disp_7sg[28]~reg0                      ; Stuck at GND due to stuck port data_in ;
; inst[0..3]                             ; Stuck at GND due to stuck port data_in ;
; Disp_7sg[27]~reg0                      ; Stuck at VCC due to stuck port data_in ;
; Disp_7sg[26]~reg0                      ; Stuck at GND due to stuck port data_in ;
; Disp_7sg[25]~reg0                      ; Stuck at GND due to stuck port data_in ;
; Disp_7sg[24]~reg0                      ; Stuck at GND due to stuck port data_in ;
; Disp_7sg[23]~reg0                      ; Stuck at GND due to stuck port data_in ;
; Disp_7sg[22]~reg0                      ; Stuck at GND due to stuck port data_in ;
; Disp_7sg[21]~reg0                      ; Stuck at GND due to stuck port data_in ;
; Disp_7sg[20]~reg0                      ; Stuck at VCC due to stuck port data_in ;
; Disp_7sg[19]~reg0                      ; Stuck at GND due to stuck port data_in ;
; Disp_7sg[18]~reg0                      ; Stuck at GND due to stuck port data_in ;
; Disp_7sg[17]~reg0                      ; Stuck at GND due to stuck port data_in ;
; Disp_7sg[16]~reg0                      ; Stuck at GND due to stuck port data_in ;
; Disp_7sg[15]~reg0                      ; Stuck at GND due to stuck port data_in ;
; Disp_7sg[14]~reg0                      ; Stuck at GND due to stuck port data_in ;
; Total Number of Removed Registers = 32 ;                                        ;
+----------------------------------------+----------------------------------------+


+-------------------------------------------------------------------------------------------------------------------------+
; Removed Registers Triggering Further Register Optimizations                                                             ;
+---------------+---------------------------+-----------------------------------------------------------------------------+
; Register name ; Reason for Removal        ; Registers Removed due to This Register                                      ;
+---------------+---------------------------+-----------------------------------------------------------------------------+
; inst[3]       ; Stuck at GND              ; Disp_7sg[27]~reg0, Disp_7sg[26]~reg0, Disp_7sg[25]~reg0, Disp_7sg[24]~reg0, ;
;               ; due to stuck port data_in ; Disp_7sg[23]~reg0, Disp_7sg[22]~reg0, Disp_7sg[21]~reg0, Disp_7sg[20]~reg0, ;
;               ;                           ; Disp_7sg[19]~reg0, Disp_7sg[18]~reg0, Disp_7sg[17]~reg0, Disp_7sg[16]~reg0, ;
;               ;                           ; Disp_7sg[15]~reg0, Disp_7sg[14]~reg0                                        ;
+---------------+---------------------------+-----------------------------------------------------------------------------+


+------------------------------------------------------+
; General Register Statistics                          ;
+----------------------------------------------+-------+
; Statistic                                    ; Value ;
+----------------------------------------------+-------+
; Total registers                              ; 63    ;
; Number of registers using Synchronous Clear  ; 0     ;
; Number of registers using Synchronous Load   ; 8     ;
; Number of registers using Asynchronous Clear ; 16    ;
; Number of registers using Asynchronous Load  ; 0     ;
; Number of registers using Clock Enable       ; 55    ;
; Number of registers using Preset             ; 0     ;
+----------------------------------------------+-------+


+------------------------------------------------------------------------------------------------------------------------------------------+
; Multiplexer Restructuring Statistics (Restructuring Performed)                                                                           ;
+--------------------+-----------+---------------+----------------------+------------------------+------------+----------------------------+
; Multiplexer Inputs ; Bus Width ; Baseline Area ; Area if Restructured ; Saving if Restructured ; Registered ; Example Multiplexer Output ;
+--------------------+-----------+---------------+----------------------+------------------------+------------+----------------------------+
; 4:1                ; 8 bits    ; 16 LEs        ; 16 LEs               ; 0 LEs                  ; Yes        ; |U_Control|aux_7_          ;
+--------------------+-----------+---------------+----------------------+------------------------+------------+----------------------------+


+-------------------------------+
; Elapsed Time Per Partition    ;
+----------------+--------------+
; Partition Name ; Elapsed Time ;
+----------------+--------------+
; Top            ; 00:00:00     ;
+----------------+--------------+


+-------------------------------+
; Analysis & Synthesis Messages ;
+-------------------------------+
Info: *******************************************************************
Info: Running Quartus II 64-Bit Analysis & Synthesis
    Info: Version 12.1 Build 177 11/07/2012 SJ Web Edition
    Info: Processing started: Fri Nov 19 23:27:42 2021
Info: Command: quartus_map --read_settings_files=on --write_settings_files=off U_Control -c U_Control
Warning (20028): Parallel compilation is not licensed and has been disabled
Info (12021): Found 2 design units, including 0 entities, in source file bcd_7seg.vhd
    Info (12022): Found design unit 1: bcd_7seg
    Info (12022): Found design unit 2: bcd_7seg-body
Info (12021): Found 2 design units, including 1 entities, in source file u_control.vhd
    Info (12022): Found design unit 1: U_Control-control
    Info (12023): Found entity 1: U_Control
Info (12021): Found 2 design units, including 0 entities, in source file alu_uc.vhd
    Info (12022): Found design unit 1: ALU_UC
    Info (12022): Found design unit 2: ALU_UC-body
Info (12127): Elaborating entity "U_Control" for the top level hierarchy
Warning (10541): VHDL Signal Declaration warning at U_Control.vhd(25): used implicit default value for signal "bus_dir" because signal was never assigned a value or an explicit default value. Use of implicit default value may introduce unintended design optimizations.
Warning (10541): VHDL Signal Declaration warning at U_Control.vhd(26): used implicit default value for signal "bus_ctrl" because signal was never assigned a value or an explicit default value. Use of implicit default value may introduce unintended design optimizations.
Warning (10036): Verilog HDL or VHDL warning at U_Control.vhd(70): object "vaciado" assigned a value but never read
Warning (10036): Verilog HDL or VHDL warning at U_Control.vhd(71): object "llenado" assigned a value but never read
Warning (10036): Verilog HDL or VHDL warning at U_Control.vhd(75): object "hex0" assigned a value but never read
Warning (10036): Verilog HDL or VHDL warning at U_Control.vhd(76): object "hex1" assigned a value but never read
Warning (10036): Verilog HDL or VHDL warning at U_Control.vhd(77): object "hex2" assigned a value but never read
Warning (10036): Verilog HDL or VHDL warning at U_Control.vhd(78): object "hex3" assigned a value but never read
Warning (10036): Verilog HDL or VHDL warning at U_Control.vhd(79): object "hex4" assigned a value but never read
Warning (10036): Verilog HDL or VHDL warning at U_Control.vhd(80): object "hex5" assigned a value but never read
Warning (10541): VHDL Signal Declaration warning at U_Control.vhd(83): used implicit default value for signal "entrada" because signal was never assigned a value or an explicit default value. Use of implicit default value may introduce unintended design optimizations.
Warning (10541): VHDL Signal Declaration warning at U_Control.vhd(84): used implicit default value for signal "salida" because signal was never assigned a value or an explicit default value. Use of implicit default value may introduce unintended design optimizations.
Warning (10541): VHDL Signal Declaration warning at U_Control.vhd(85): used implicit default value for signal "datos" because signal was never assigned a value or an explicit default value. Use of implicit default value may introduce unintended design optimizations.
Warning (10631): VHDL Process Statement warning at U_Control.vhd(107): inferring latch(es) for signal or variable "AX", which holds its previous value in one or more paths through the process
Warning (10631): VHDL Process Statement warning at U_Control.vhd(107): inferring latch(es) for signal or variable "IX", which holds its previous value in one or more paths through the process
Info (10041): Inferred latch for "IX[0]" at U_Control.vhd(107)
Info (10041): Inferred latch for "IX[1]" at U_Control.vhd(107)
Info (10041): Inferred latch for "IX[2]" at U_Control.vhd(107)
Info (10041): Inferred latch for "IX[3]" at U_Control.vhd(107)
Info (10041): Inferred latch for "IX[4]" at U_Control.vhd(107)
Info (10041): Inferred latch for "IX[5]" at U_Control.vhd(107)
Info (10041): Inferred latch for "IX[6]" at U_Control.vhd(107)
Info (10041): Inferred latch for "IX[7]" at U_Control.vhd(107)
Warning (13039): The following bidir pins have no drivers
    Warning (13040): Bidir "bus_datos[0]" has no driver
    Warning (13040): Bidir "bus_datos[1]" has no driver
    Warning (13040): Bidir "bus_datos[2]" has no driver
    Warning (13040): Bidir "bus_datos[3]" has no driver
    Warning (13040): Bidir "bus_datos[4]" has no driver
    Warning (13040): Bidir "bus_datos[5]" has no driver
    Warning (13040): Bidir "bus_datos[6]" has no driver
    Warning (13040): Bidir "bus_datos[7]" has no driver
Warning (13024): Output pins are stuck at VCC or GND
    Warning (13410): Pin "bus_dir[0]" is stuck at GND
    Warning (13410): Pin "bus_dir[1]" is stuck at GND
    Warning (13410): Pin "bus_dir[2]" is stuck at GND
    Warning (13410): Pin "bus_dir[3]" is stuck at GND
    Warning (13410): Pin "bus_dir[4]" is stuck at GND
    Warning (13410): Pin "bus_dir[5]" is stuck at GND
    Warning (13410): Pin "bus_dir[6]" is stuck at GND
    Warning (13410): Pin "bus_dir[7]" is stuck at GND
    Warning (13410): Pin "bus_dir[8]" is stuck at GND
    Warning (13410): Pin "bus_dir[9]" is stuck at GND
    Warning (13410): Pin "bus_dir[10]" is stuck at GND
    Warning (13410): Pin "bus_dir[11]" is stuck at GND
    Warning (13410): Pin "bus_dir[12]" is stuck at GND
    Warning (13410): Pin "bus_dir[13]" is stuck at GND
    Warning (13410): Pin "bus_dir[14]" is stuck at GND
    Warning (13410): Pin "bus_dir[15]" is stuck at GND
    Warning (13410): Pin "bus_dir[16]" is stuck at GND
    Warning (13410): Pin "bus_dir[17]" is stuck at GND
    Warning (13410): Pin "bus_dir[18]" is stuck at GND
    Warning (13410): Pin "bus_dir[19]" is stuck at GND
    Warning (13410): Pin "bus_ctrl[0]" is stuck at GND
    Warning (13410): Pin "bus_ctrl[1]" is stuck at GND
    Warning (13410): Pin "bus_ctrl[2]" is stuck at GND
    Warning (13410): Pin "bus_ctrl[3]" is stuck at GND
    Warning (13410): Pin "bus_ctrl[4]" is stuck at GND
    Warning (13410): Pin "Disp_7sg[14]" is stuck at GND
    Warning (13410): Pin "Disp_7sg[15]" is stuck at GND
    Warning (13410): Pin "Disp_7sg[16]" is stuck at GND
    Warning (13410): Pin "Disp_7sg[17]" is stuck at GND
    Warning (13410): Pin "Disp_7sg[18]" is stuck at GND
    Warning (13410): Pin "Disp_7sg[19]" is stuck at GND
    Warning (13410): Pin "Disp_7sg[20]" is stuck at VCC
    Warning (13410): Pin "Disp_7sg[21]" is stuck at GND
    Warning (13410): Pin "Disp_7sg[22]" is stuck at GND
    Warning (13410): Pin "Disp_7sg[23]" is stuck at GND
    Warning (13410): Pin "Disp_7sg[24]" is stuck at GND
    Warning (13410): Pin "Disp_7sg[25]" is stuck at GND
    Warning (13410): Pin "Disp_7sg[26]" is stuck at GND
    Warning (13410): Pin "Disp_7sg[27]" is stuck at VCC
    Warning (13410): Pin "Disp_7sg[28]" is stuck at GND
    Warning (13410): Pin "Disp_7sg[29]" is stuck at GND
    Warning (13410): Pin "Disp_7sg[30]" is stuck at GND
    Warning (13410): Pin "Disp_7sg[31]" is stuck at GND
    Warning (13410): Pin "Disp_7sg[32]" is stuck at GND
    Warning (13410): Pin "Disp_7sg[33]" is stuck at GND
    Warning (13410): Pin "Disp_7sg[34]" is stuck at VCC
    Warning (13410): Pin "Disp_7sg[35]" is stuck at GND
    Warning (13410): Pin "Disp_7sg[36]" is stuck at GND
    Warning (13410): Pin "Disp_7sg[37]" is stuck at GND
    Warning (13410): Pin "Disp_7sg[38]" is stuck at GND
    Warning (13410): Pin "Disp_7sg[39]" is stuck at GND
    Warning (13410): Pin "Disp_7sg[40]" is stuck at GND
    Warning (13410): Pin "Disp_7sg[41]" is stuck at VCC
Info (286030): Timing-Driven Synthesis is running
Critical Warning (35046): Net "work.ALU_UC.aux_10_" has a missing source. The net will be connected to GND and its default value will be ignored.
Critical Warning (35046): Net "work.ALU_UC.aux_11_" has a missing source. The net will be connected to GND and its default value will be ignored.
Critical Warning (35046): Net "work.ALU_UC.aux_12_" has a missing source. The net will be connected to GND and its default value will be ignored.
Critical Warning (35046): Net "work.ALU_UC.aux_13_" has a missing source. The net will be connected to GND and its default value will be ignored.
Critical Warning (35046): Net "work.ALU_UC.aux_14_" has a missing source. The net will be connected to GND and its default value will be ignored.
Critical Warning (35046): Net "work.ALU_UC.aux_15_" has a missing source. The net will be connected to GND and its default value will be ignored.
Critical Warning (35046): Net "work.ALU_UC.aux_8_" has a missing source. The net will be connected to GND and its default value will be ignored.
Critical Warning (35046): Net "work.ALU_UC.aux_9_" has a missing source. The net will be connected to GND and its default value will be ignored.
Info (16010): Generating hard_block partition "hard_block:auto_generated_inst"
    Info (16011): Adding 0 node(s), including 0 DDIO, 0 PLL, 0 transceiver and 0 LCELL
Info (21057): Implemented 196 device resources after synthesis - the final resource count might be different
    Info (21058): Implemented 15 input pins
    Info (21059): Implemented 84 output pins
    Info (21060): Implemented 8 bidirectional pins
    Info (21061): Implemented 89 logic cells
Info: Quartus II 64-Bit Analysis & Synthesis was successful. 0 errors, 87 warnings
    Info: Peak virtual memory: 4627 megabytes
    Info: Processing ended: Fri Nov 19 23:27:45 2021
    Info: Elapsed time: 00:00:03
    Info: Total CPU time (on all processors): 00:00:03


