------------------------------------------------------------
TimeQuest Timing Analyzer Summary
------------------------------------------------------------

Type  : Slow 1200mV 85C Model Setup 'C|altpll_0|sd1|pll7|clk[1]'
Slack : 2.662
TNS   : 0.000

Type  : Slow 1200mV 85C Model Hold 'C|altpll_0|sd1|pll7|clk[1]'
Slack : 0.459
TNS   : 0.000

Type  : Slow 1200mV 85C Model Minimum Pulse Width 'C|altpll_0|sd1|pll7|clk[1]'
Slack : 4.338
TNS   : 0.000

Type  : Slow 1200mV 85C Model Minimum Pulse Width 'CLOCK_50'
Slack : 9.891
TNS   : 0.000

Type  : Slow 1200mV 0C Model Setup 'C|altpll_0|sd1|pll7|clk[1]'
Slack : 3.235
TNS   : 0.000

Type  : Slow 1200mV 0C Model Hold 'C|altpll_0|sd1|pll7|clk[1]'
Slack : 0.415
TNS   : 0.000

Type  : Slow 1200mV 0C Model Minimum Pulse Width 'C|altpll_0|sd1|pll7|clk[1]'
Slack : 4.340
TNS   : 0.000

Type  : Slow 1200mV 0C Model Minimum Pulse Width 'CLOCK_50'
Slack : 9.887
TNS   : 0.000

Type  : Fast 1200mV 0C Model Setup 'C|altpll_0|sd1|pll7|clk[1]'
Slack : 5.923
TNS   : 0.000

Type  : Fast 1200mV 0C Model Hold 'C|altpll_0|sd1|pll7|clk[1]'
Slack : 0.209
TNS   : 0.000

Type  : Fast 1200mV 0C Model Minimum Pulse Width 'C|altpll_0|sd1|pll7|clk[1]'
Slack : 4.409
TNS   : 0.000

Type  : Fast 1200mV 0C Model Minimum Pulse Width 'CLOCK_50'
Slack : 9.574
TNS   : 0.000

------------------------------------------------------------
